// Jest Snapshot v1, https://goo.gl/fbAQLP

exports[`App renders correctly 1`] = `
<Suspense
  fallback={<Spinner />}
>
  <div
    className="App"
  >
    <Header
      mobileMenu={false}
      mobileMenuHandler={[Function]}
    >
      <MobileMenu
        mobileMenu={false}
        mobileMenuHandler={[Function]}
      />
      <div
        className="content-wrapper"
      >
        <div
          className="Open-menu-content"
          onClick={[Function]}
          style={
            Object {
              "opacity": "0",
              "zIndex": "-1",
            }
          }
        />
        <Route
          component={[Function]}
          exact={true}
          path="/"
        />
        <Route
          path="/befree/:id"
          render={[Function]}
        />
        <Route
          path="/contacts"
          render={[Function]}
        />
        <Route
          path="/casting"
          render={[Function]}
        />
      </div>
      <Suspense
        fallback={
          <div>
            Loading...
          </div>
        }
      >
        <lazy />
      </Suspense>
    </Header>
  </div>
</Suspense>
`;

exports[`App should render App snapshot 1`] = `ShallowWrapper {}`;
